0653ae7770a30d4fd95745857ba92f8b|snes-examples/audio/effects/effects.sfc
514eef7b629a0882af3fa1d98b9e0a9a|snes-examples/audio/music/music.sfc
a1c935195fb9ec77b146a88d6f880954|snes-examples/audio/musicGreaterThan32k/musicGreaterThan32k.sfc
180331a4f3d3f360c25e047d076fbf0a|snes-examples/audio/tada/tada.sfc
c01eeafbc80bacf95dfaa4759ddb96a6|snes-examples/audio/effectsandmusic/effectsandmusic.sfc
fa1c26d2bab9d987af504d459cd2553b|snes-examples/breakpoints/breakpoints.sfc
8d55729303df98623cb42f3ffd880680|snes-examples/debug/debug.sfc
7fa20aac05839b55397a415134141aa4|snes-examples/games/breakout/breakout.sfc
90606421ed9927cfefc0812898f5dc62|snes-examples/games/likemario/likemario.sfc
41ddcb3b62b36f3a732621061ed91e12|snes-examples/graphics/Backgrounds/Mode0/Mode0.sfc
10591ab5273279f670aa53470ade6cb3|snes-examples/graphics/Backgrounds/Mode1/Mode1.sfc
1da75741c6a8ebdef17e0edb0d4c4ddd|snes-examples/graphics/Backgrounds/Mode1BG3HighPriority/Mode1BG3HighPriority.sfc
d65af254079244186a46e89447176403|snes-examples/graphics/Backgrounds/Mode1ContinuosScroll/Mode1ContinuousScroll.sfc
2cf4a95816a6b793055dea00a4b4cf98|snes-examples/graphics/Backgrounds/Mode1LZ77/Mode1LZ77.sfc
69d7cede0a8cd04e23327a607a2dec5e|snes-examples/graphics/Backgrounds/Mode1MixedScroll/Mode1MixedScroll.sfc
6cda41fe5b1de4f463041377e01fcea3|snes-examples/graphics/Backgrounds/Mode1Png/Mode1Png.sfc
b1a64b3a7ed6aad3636acfc8fbc577f7|snes-examples/graphics/Backgrounds/Mode1Scroll/Mode1Scroll.sfc
41a7af883ea95b13f82f15737d7dc9bf|snes-examples/graphics/Backgrounds/Mode3/Mode3.sfc
172ce5ce5a16ca9357be88cd5965233b|snes-examples/graphics/Backgrounds/Mode7/Mode7.sfc
cc25d7b35ece7269d8e5131f2f746578|snes-examples/graphics/Backgrounds/Mode7Perspective/Mode7Perspective.sfc
984d1f1b89ab8ab0aa47dc77699cc060|snes-examples/graphics/Effects/GradientColors/GradientColors.sfc
bdffab8d914b164bd6ca806212366c6b|snes-examples/graphics/Effects/HDMAGradient/HDMAGradient.sfc
d9b71ad2ce55414283f2d2b2e017cf74|snes-examples/graphics/Effects/MosaicShading/MosaicShading.sfc
118046ecc0340357b4dd049cd869cdd8|snes-examples/graphics/Effects/ParallaxScrolling/ParallaxScrolling.sfc
d5ea221b5e353cbfea39d8edc8a0f405|snes-examples/graphics/Effects/Transparency/Transparency.sfc
ad4b4ab261df12fea1e2efbed94ff9e1|snes-examples/graphics/Effects/Waves/Waves.sfc
53865825009d65d8965ef35c4d439a3f|snes-examples/graphics/Effects/Window/Window.sfc
f2b6db83e2783eb3dca69339d4a8703a|snes-examples/graphics/Sprites/AnimatedSprite/AnimatedSprite.sfc
9b0c85e6ee9fbdeaa2877946eedd12c9|snes-examples/graphics/Sprites/DynamicEngineMetaSprite/DynamicEngineMetaSprite.sfc
466959af7576cf6ba494634cc33229dd|snes-examples/graphics/Sprites/DynamicEngineSprite/DynamicEngineSprite.sfc
d3dd2543542602260667d3fe71fac431|snes-examples/graphics/Sprites/DynamicSprite/DynamicSprite.sfc
d6a7f68429a949d87d0ffa9179bfc271|snes-examples/graphics/Sprites/ObjectSize/ObjectSize.sfc
4947dcf6bbd4c9bda891d7b6b7dfcc4b|snes-examples/graphics/Sprites/SimpleSprite/SimpleSprite.sfc
c5abb308363e38928199c1e2f719b393|snes-examples/hello_world/hello_world.sfc
a66fe716edf3afad7dd6db1bcde21937|snes-examples/maps/mapscroll/mapscroll.sfc
6414156da864806dd60e96e259652bd7|snes-examples/maps/tiled/tiled.sfc
4932512231d00ac7d5eafaeeffcfa631|snes-examples/objects/mapandobjects/mapandobjects.sfc
bc888532f288f908803984b1a38e6995|snes-examples/objects/moveobjects/moveobjects.sfc
a173dd213027309cfc7a6191603a5e7c|snes-examples/objects/nogravityobject/nogravityobjects.sfc
67ad838eacfdfc435366deb67d0e9222|snes-examples/pads/input/input.sfc
4451c80e8a9f90ef4cd5fcb4c59c4a48|snes-examples/pads/multiplay5/multiplay5.sfc
a73984b39ba2b8d9fd7e562ed4ffb4cc|snes-examples/random/random.sfc
21877f14d53ee4f8ca18e23cd93836f8|snes-examples/scoring/scoring.sfc
a091aed24101ecb549e87bd62e989e11|snes-examples/sram/sram.sfc
7ddd08bbdd6d19135e555144c58f5e42|snes-examples/testregion/testregion.sfc
75d35cae8c49873a2a6f54e76859ec1e|snes-examples/timer/timer.sfc
6ce1bf0bab46f62e24d86735059d5981|snes-examples/typeconsole/typeconsole_ntsc.sfc
c987dd902292dfc11f0479b1c4f887c7|snes-examples/typeconsole/typeconsole_pal.sfc
